Γû▓ Next.js 16.1.6 (Turbopack)
- Environments: .env.local

node.exe : ΓÜá The 
"middleware" file 
convention is 
deprecated. Please use 
"proxy" instead. Learn 
more: https://nextjs.or
g/docs/messages/middlew
are-to-proxy
At line:1 char:1
+ & "C:\Program 
Files\nodejs/node.exe" 
"C:\Program 
Files\nodejs/node_mo 
...
+ ~~~~~~~~~~~~~~~~~~~~~
~~~~~~~~~~~~~~~~~~~~~~~
~~~~~~~~~~~~~~~~~~~~~~~
~~
    + CategoryInfo     
         : NotSpecifi  
  ed: (ΓÜá The "midd   
 le...leware-to-pro    
xy:String) [], Rem    
oteException
    + FullyQualifiedEr 
   rorId : NativeComm  
  andError
 
  Creating an optimized production build ...
Γ£ô Compiled successfully in 11.5s
  Running TypeScript ...
  Collecting page data using 7 workers ...
  Generating static pages using 7 workers (0/14) ...
  Generating static pages using 7 workers (3/14) 
  Generating static pages using 7 workers (6/14) 
  Generating static pages using 7 workers (10/14) 
Γ£ô Generating static pages using 7 workers (14/14) in 1286.8ms
  Finalizing page optimization ...
ΓÜá Statically 
exporting a Next.js 
application via `next 
export` disables API 
routes and middleware.
This command is meant 
for static-only hosts, 
and is not necessary 
to make your 
application static.
Pages in your 
application without 
server-side data 
dependencies will be 
automatically 
statically exported by 
`next build`, 
including pages 
powered by 
`getStaticProps`.
Learn more: https://nex
tjs.org/docs/messages/a
pi-routes-static-export
  Exporting using 7 workers (0/1) ...
Error occurred 
prerendering page 
"/p/[id]". Read more: h
ttps://nextjs.org/docs/
messages/prerender-erro
r
Error: Page with 
`dynamic = 
"force-dynamic"` 
couldn't be exported. 
`output: "export"` 
requires all pages be 
renderable statically 
because there is no 
runtime server to 
dynamically render 
routes in this output 
format. Learn more: htt
ps://nextjs.org/docs/ap
p/building-your-applica
tion/deploying/static-e
xports
Export encountered an 
error on /p/[id]/page: 
/p/[id], exiting the 
build.
Γ¿» Next.js build 
worker exited with 
code: 1 and signal: 
null
