
> web@0.1.0 build
> next build

Γû▓ Next.js 16.1.6 (Turbopack)
- Environments: .env.local

node.exe : ΓÜá The 
"middleware" file 
convention is deprecated. 
Please use "proxy" 
instead. Learn more: https
://nextjs.org/docs/message
s/middleware-to-proxy
At line:1 char:1
+ & "C:\Program 
Files\nodejs/node.exe" 
"C:\Program 
Files\nodejs/node_mo ...
+ ~~~~~~~~~~~~~~~~~~~~~~~~
~~~~~~~~~~~~~~~~~~~~~~~~~~
~~~~~~~~~~~~~~~~~~~
    + CategoryInfo        
      : NotSpecified: (Γ  
  Üá The "middle...lewa   
 re-to-proxy:String) [    
], RemoteException
    + FullyQualifiedError 
   Id : NativeCommandErr  
  or
 
  Creating an optimized production build ...

> Build error occurred
Error: Turbopack build 
failed with 1 errors:
./src/app/profile/[id]/pag
e.tsx:15:8
Next.js can't recognize 
the exported 
`generateStaticParams` 
field in route. App pages 
cannot use both "use 
client" and export 
function 
"generateStaticParams()".
[0m [90m 13 |[39m 
[36mimport[39m { 
[33mLockClosedIcon[39m 
} [36mfrom[39m [32m'@he
roicons/react/24/solid'[3
9m
 [90m 14 |[39m
[31m[1m>[22m[39m[90m 
15 |[39m 
[36mexport[39m 
[36mfunction[39m 
generateStaticParams() {
 [90m    |[39m        [
31m[1m^[22m[39m[31m[1
m^[22m[39m[31m[1m^[22
m[39m[31m[1m^[22m[39m
[31m[1m^[22m[39m[31m
[1m^[22m[39m[31m[1m^[
22m[39m[31m[1m^[22m[3
9m[31m[1m^[22m[39m[31
m[1m^[22m[39m[31m[1m^
[22m[39m[31m[1m^[22m
[39m[31m[1m^[22m[39m[
31m[1m^[22m[39m[31m[1
m^[22m[39m[31m[1m^[22
m[39m[31m[1m^[22m[39m
[31m[1m^[22m[39m[31m
[1m^[22m[39m[31m[1m^[
22m[39m[31m[1m^[22m[3
9m[31m[1m^[22m[39m[31
m[1m^[22m[39m[31m[1m^
[22m[39m[31m[1m^[22m
[39m[31m[1m^[22m[39m[
31m[1m^[22m[39m[31m[1
m^[22m[39m[31m[1m^[22
m[39m[31m[1m^[22m[39m
[31m[1m^[22m[39m[31m
[1m^[22m[39m[31m[1m^[
22m[39m
[31m[1m>[22m[39m[90m 
16 |[39m   
[36mreturn[39m []
 [90m    |[39m [31m[1m
^[22m[39m[31m[1m^[22m
[39m[31m[1m^[22m[39m
[31m[1m^[22m[39m[31m[
1m^[22m[39m[31m[1m^[2
2m[39m[31m[1m^[22m[39
m[31m[1m^[22m[39m[31m
[1m^[22m[39m[31m[1m^
[22m[39m[31m[1m^[22m[
39m
[31m[1m>[22m[39m[90m 
17 |[39m }
 [90m    |[39m [31m[1m
^[22m[39m[31m[1m^[22m
[39m
 [90m 18 |[39m
 [90m 19 |[39m 
[36mexport[39m 
[36mdefault[39m 
[36mfunction[39m 
[33mProfilePage[39m() {
 [90m 20 |[39m   
[36mconst[39m { id } 
[33m=[39m 
useParams()[0m

The exported 
configuration object in a 
source file needs to have 
a very specific format 
from which some 
properties can be 
statically parsed at 
compiled-time.

Import traces:
  Client Component 
Browser:
    ./src/app/profile/[id]
/page.tsx [Client 
Component Browser]
    ./src/app/profile/[id]
/page.tsx [Server 
Component]

  Client Component SSR:
    ./src/app/profile/[id]
/page.tsx [Client 
Component SSR]
    ./src/app/profile/[id]
/page.tsx [Server 
Component]

https://nextjs.org/docs/ap
p/api-reference/file-conve
ntions/route-segment-confi
g


    at <unknown> (./src/ap
p/profile/[id]/page.tsx:15
:8)
    at <unknown> (https://
nextjs.org/docs/app/api-re
ference/file-conventions/r
oute-segment-config)
