src/app/messages/page.tsx(128,31): error TS18047: 'currentUser' is possibly 'null'.
src/app/messages/page.tsx(128,135): error TS18047: 'currentUser' is possibly 'null'.
src/app/messages/page.tsx(132,38): error TS18047: 'currentUser' is possibly 'null'.
